// Jest Snapshot v1, https://goo.gl/fbAQLP

exports[`<TextComponent /> should match snapshot 1`] = `
.c0 {
  font-size: 3.2rem;
}

<div>
  <p
    class="c0"
  >
    Children
  </p>
</div>
`;
