// Jest Snapshot v1, https://goo.gl/fbAQLP

exports[`<SectionBackground /> should render with background dark 1`] = `
.c0 {
  background-color: #fff;
  color: #0A1128;
  min-height: 100vh;
}

<div>
  <div
    class="c0"
  >
    <h1>
      Children
    </h1>
  </div>
</div>
`;

exports[`<SectionBackground /> should render with background light 1`] = `
.c0 {
  background-color: #fff;
  color: #0A1128;
  min-height: 100vh;
}

<div>
  <div
    class="c0"
  >
    <h1>
      Children
    </h1>
  </div>
</div>
`;
